MO FD4_MXILINX_A78maxi128kTOWER NULL A78maxi128kTOWER.vf vlg17/_f_d4___m_x_i_l_i_n_x___a78maxi128k_t_o_w_e_r.bin 1752756845
MO A78maxi128kTOWER NULL A78maxi128kTOWER.vf vlg1E/_a78maxi128k_t_o_w_e_r.bin 1752756845
MO FD_MXILINX_A78maxi128kTOWER NULL A78maxi128kTOWER.vf vlg6B/_f_d___m_x_i_l_i_n_x___a78maxi128k_t_o_w_e_r.bin 1752756845
