MO FDRE_MXILINX_A78maxi_super_exrom NULL A78maxi_super_exrom.vf vlg6B/_f_d_r_e___m_x_i_l_i_n_x___a78maxi__super__exrom.bin 1751875982
MO A78maxi_256k NULL A78maxi_256k.vf vlg02/_a78maxi__256k.bin 1751875982
MO FD4_MXILINX_A78maxi_256k NULL A78maxi_256k.vf vlg0B/_f_d4___m_x_i_l_i_n_x___a78maxi__256k.bin 1751875982
MO FD_MXILINX_A78maxi_256k NULL A78maxi_256k.vf vlg1F/_f_d___m_x_i_l_i_n_x___a78maxi__256k.bin 1751875982
MO FD4RE_MXILINX_A78maxi_super_exrom NULL A78maxi_super_exrom.vf vlg07/_f_d4_r_e___m_x_i_l_i_n_x___a78maxi__super__exrom.bin 1751875982
MO FD_MXILINX_A78maxi_super_exrom NULL A78maxi_super_exrom.vf vlg6C/_f_d___m_x_i_l_i_n_x___a78maxi__super__exrom.bin 1751875982
MO A78maxi_super_exrom NULL A78maxi_super_exrom.vf vlg53/_a78maxi__super__exrom.bin 1751875982
