MO FD4_MXILINX_A78maxi_256k_RAM NULL A78maxi_256k_RAM.vf vlg52/_f_d4___m_x_i_l_i_n_x___a78maxi__256k___r_a_m.bin 1754160722
MO A78maxi_256k_RAM NULL A78maxi_256k_RAM.vf vlg59/_a78maxi__256k___r_a_m.bin 1754160722
MO FD_MXILINX_A78maxi_256k_RAM NULL A78maxi_256k_RAM.vf vlg26/_f_d___m_x_i_l_i_n_x___a78maxi__256k___r_a_m.bin 1754160722
