MO FD4CE_MXILINX_A78maxi_Crossbow NULL A78maxi_Crossbow.vf vlg21/_f_d4_c_e___m_x_i_l_i_n_x___a78maxi___crossbow.bin 1750272852
MO FD4RE_MXILINX_A78maxi_Crossbow NULL A78maxi_Crossbow.vf vlg78/_f_d4_r_e___m_x_i_l_i_n_x___a78maxi___crossbow.bin 1750281030
MO BUFT4_MXILINX_A78maxi_Crossbow NULL A78maxi_Crossbow.vf vlg4C/_b_u_f_t4___m_x_i_l_i_n_x___a78maxi___crossbow.bin 1751389592
MO LD4_MXILINX_A78maxi_Crossbow NULL A78maxi_Crossbow.vf vlg5B/_l_d4___m_x_i_l_i_n_x___a78maxi___crossbow.bin 1750270769
MO FDRE_MXILINX_A78maxi_Crossbow NULL A78maxi_Crossbow.vf vlg2C/_f_d_r_e___m_x_i_l_i_n_x___a78maxi___crossbow.bin 1750281030
MO FD4_MXILINX_A78maxi_Crossbow NULL A78maxi_Crossbow.vf vlg2D/_f_d4___m_x_i_l_i_n_x___a78maxi___crossbow.bin 1751390267
MO OBUFE4_MXILINX_A78maxi_Crossbow NULL A78maxi_Crossbow.vf vlg1C/_o_b_u_f_e4___m_x_i_l_i_n_x___a78maxi___crossbow.bin 1750276519
MO A78maxi_Crossbow NULL A78maxi_Crossbow.vf vlg34/_a78maxi___crossbow.bin 1751390267
MO OBUFE_MXILINX_A78maxi_Crossbow NULL A78maxi_Crossbow.vf vlg64/_o_b_u_f_e___m_x_i_l_i_n_x___a78maxi___crossbow.bin 1750276519
MO FD_MXILINX_A78maxi_Crossbow NULL A78maxi_Crossbow.vf vlg01/_f_d___m_x_i_l_i_n_x___a78maxi___crossbow.bin 1751390267
