MO FDRE_MXILINX_A78maxi64k NULL A78maxi64k.vf vlg68/_f_d_r_e___m_x_i_l_i_n_x___a78maxi64k.bin 1750747312
MO A78maxi64k NULL A78maxi64k.vf vlg30/_a78maxi64k.bin 1752662481
MO OBUFE4_MXILINX_A78maxi64k NULL A78maxi64k.vf vlg58/_o_b_u_f_e4___m_x_i_l_i_n_x___a78maxi64k.bin 1750747312
MO OBUFE_MXILINX_A78maxi64k NULL A78maxi64k.vf vlg60/_o_b_u_f_e___m_x_i_l_i_n_x___a78maxi64k.bin 1750747312
MO OBUFT4_MXILINX_A78maxi64k NULL A78maxi64k.vf vlg37/_o_b_u_f_t4___m_x_i_l_i_n_x___a78maxi64k.bin 1750747312
MO FD_MXILINX_A78maxi64k NULL A78maxi64k.vf vlg55/_f_d___m_x_i_l_i_n_x___a78maxi64k.bin 1752662481
MO FD4CE_MXILINX_A78maxi64k NULL A78maxi64k.vf vlg75/_f_d4_c_e___m_x_i_l_i_n_x___a78maxi64k.bin 1750747312
MO FD4RE_MXILINX_A78maxi64k NULL A78maxi64k.vf vlg54/_f_d4_r_e___m_x_i_l_i_n_x___a78maxi64k.bin 1750747312
MO FD4_MXILINX_A78maxi64k NULL A78maxi64k.vf vlg21/_f_d4___m_x_i_l_i_n_x___a78maxi64k.bin 1752662481
