MO FD_MXILINX_A78maxi_128k_Keystone NULL A78maxi_128k_Keystone.vf vlg56/_f_d___m_x_i_l_i_n_x___a78maxi__128k___keystone.bin 1754160258
MO FD4_MXILINX_A78maxi_128k_Keystone NULL A78maxi_128k_Keystone.vf vlg72/_f_d4___m_x_i_l_i_n_x___a78maxi__128k___keystone.bin 1754160258
MO A78maxi_128k_Keystone NULL A78maxi_128k_Keystone.vf vlg65/_a78maxi__128k___keystone.bin 1754160258
